// Jest Snapshot v1, https://goo.gl/fbAQLP

exports[`should render edit expense page 1`] = `
<div>
  <h3>
    Edit Expense ID 
    1
  </h3>
  <ExpenseForm
    expenseToEdit={
      Object {
        "amount": 1500,
        "createdAt": 1000,
        "description": "Water Bill",
        "id": "1",
        "note": "",
      }
    }
    onSubmit={[Function]}
    submitMessage="Update Expense"
  />
  <button
    onClick={[Function]}
  >
    Delete
  </button>
</div>
`;
