// Jest Snapshot v1, https://goo.gl/fbAQLP

exports[`should render expense dashboard page 1`] = `
<div>
  <Connect(ExpensesFilter) />
  <Connect(ExpensesSummary) />
  <Connect(Expenses) />
</div>
`;
