// Jest Snapshot v1, https://goo.gl/fbAQLP

exports[`should display expense with correct values 1`] = `
<Link
  className="list-item"
  to="/edit/1"
>
  <div>
    <h3
      className="list-item__title"
    >
      Water Bill
    </h3>
    <span
      className="list-item__sub-title"
    >
      Jan 1st 1970
    </span>
  </div>
  <h3
    className="list-item__data"
  >
    Â£
    15.00
  </h3>
</Link>
`;
