// Jest Snapshot v1, https://goo.gl/fbAQLP

exports[`should render not found page 1`] = `
<div>
  <h3>
    Not Found!
  </h3>
  <Link
    to="/"
  >
    Go to Home
  </Link>
</div>
`;
